[   0.00000] Linux version 4.15.0-72-generic (buildd@lcy01-amd64-026) (gcc rsion 7.4.0 (Ubuntu 7.4.0-1ubuntu1~18.04.1)) #81-Ubuntu SMP Tue Nov 26 12:20:02 UTC 2019 (Ubuntu 4.15.0-72.81-generic 4.15.18)
[    0.0000]Command line: BOOT_IMAGE=/boot/vmlinuz-4.15.0-72-genec oot=UUID=ec65c921-96-4429-80be-a2d5fcaf8bc5 ro console=tty1 console=ttyS0
[    0.0000] ERNEL supported cpus:
[    0.000000]   Intel GenuineIntel
[    0.000000]   AMD AuthenticAMD
[    0.000000]   Centaur CentaurHauls
[    0.000000] 86/fpu: Supporting XSAVE feature 0x001: 'x87 floating pointregisters'
[   .00000] 86fpu: SupportingSAE feature 0x002: 'SSE registers'
[    00000] x86/fpu: Supporting XSAVE feature 0x004: 'AVX registers'[    0.000000] x8/fu:xstate_ofset[2:  576, xstesizes[2]:  256
[    0.000000] x8/fu: Eabled xstefeatur 07, context size i832 byes, usin'sandard' format
[   0.0000]e820: BIOS-ovidd physical RAM p:
[    000000] BI-e820: [mem 0x0000000000000000-0x000000000009fbff] usable
[    0.000000] BIOS-e820: [mem 0x000000000009fc00-0x000000000009ffff] reserved
[  0.00000BIOS-e820: [mem 0x00000000000f00000-0x00000000ffffff]eservd
[    0.000000] BIOS-e820:mem 0x00000000000000-0x000000003ffeffff] usable
[    0.000000] BIOS-e820: [mem 0x000003fff000-0x000000003fffffff] ACPI data
[    0.000000] BIOS-e820: [mem 0x00000000fec00000-0x00000000fec00fff] reserved
[    0.000000] BI-e820: [mem 0x00000000fee00000-0x00000000fee00fff] reserved
[    0.000000] BIOS-e820: [mem 0x00000000fffcc000-0x00000000ffffffff] reserved
[    0.000000] NX (Execute Disable) protection: active
[    0.00000] SBIS .5 present.
[    0.000000] DMI: innotek bH VirtualBox/VrtualBox, BI VrtualBox 12/01/06
[   0.0000] Hypervordetected: KVM
[  0.0000] 820: lstpf = 0x3fff0 max_arch_pfn = 0x400000000
[    0.000000] MTRR: Disabled
[    0.0000000] x6/T: MTRRs disabled, skipping PAT initialization too.
[    0.000000] CPU MTRRs all blank - virtualized system.
[    0.000000] x86/PAT: Configuration [0-7]: WB  WT  UC- UC  WB  WT  UC- UC  
[    0.000000] found SMP MP-table at [mem 0x0009fff0-0x0009ffff]
[    0.000000] Scanning 1 areas for low memory corruption
[    0.000000] RAMDISK: [mem 0x359000-0x36caafff]
[    0.000000] ACPI: Early table checksum verification disabled
[    0.000000] ACPI: RSDP 0x00000000000E0000 000024 (v02 VBOX  )
[    000000] ACPIXSDT 0x000000003FFF0030 00003C (v01 VBOX   VBOXXT 000000AS  00000061)
[    0.0000] ACPI FCP 0x000003FFF0F 000F4 (v4 VBO   VBOXFACP 00000001 ASL  00000061)
[    0.000000] ACPI: DSDT 0x000000003FFF0470 0021FF (v02 VBOX   VBOXBIOS 000002 INT2000528)
[    0.000000] ACPI: FACS 0x000000003FFF0200 000040
[    0.00000 ACPI: FA 0x000000003FFF0200 000040
[    0.000000 ACPI: APIC 0x000000003FFF0240 00005C (v02 VBOX   VBOXAC 00000001 ASL 0000061)
[    0.000000] ACPI: SSDT 0x000000003FFF02A0 0001CC (v01 VBOX   VBOXCPUT 00000002 INL 010528)    0.000000] No NUMA configuration found
[    0.000000] Faking a node at [mem 0x0000000000000000-0x000000003ffeffff]
[   0.000000] NODE_DATA(0) allocated [mem 0xffc5000-0x3ffeffff]
[    0.000000] kvm-clock: cpu 0, msr 0:3ff44001, primary cpu clock
[    0.000000] kvm-clock: Using msrs 4b564d01 and 4b564d00
[    0.000000] kvm-clock uing sched offt f 4152737862 cycles
[    0.000000] clocksourcce: k-cock: mask: 0xffffffffffffffff max_cycles: 0x1cd42e4dffb, max_idle_ns: 881590591483 ns
[    0.000000] Zone ranges:
[    0.000000]   DMA      [mem 0x0000000000001000-0x0000000000ffffff]
[    0.000000]   DMA32    [mem 0x0000000001000000-0x000000003ffeffff]
[    0.000000]   Normal   empty
[    0.000000]   Device   empty
[    0.000000] Movable zone start for each node
[    0.000000] Early memory node ranges
[   0.0000]   node   0: [mem 0x0000000000001000-0x000000000009efff]
[    0.000000]   node    [em 0x000000000000000x0000003feffff]
[    0.0000] Rered but unavailae:988 pas
[    0.000000] Initmem setup node 0 [mem 0x0000000000001000-0x000000003ffeffff]
[   0.0000 API: PM-Tir O Port0x008
[    .0000] IOAPIC[0]apc_id 2, version 32, address 0xfec00000, GSI 0-23
[    0.000000] ACPI: INT_SRC_OVR (bus 0 bus_irq 0 global_irq 2 dfl dfl)
[    0.000000] ACPI: INT_SRC_OVR (bus 0 bus_irq 9 global_irq 9 low level)
[    0.000000] Using ACPI (MADT) for SMP configuration information
[    0.000000] smboot: Allowing 2 CPUs,  hotplug CPUs
[    0.000000] PM: Registered nosave memory: [mem 0x00000000-0x00000fff]
[    0.000000] PM: Rgitered nosae memory: [mem 0x000f000-00009fff]
[   0.00000] PM: gitered nave memory: [mem 0x000a0000-0x000effff]
[    0.000000] PM: Registered nosave memory: [mem 000f0000-0x000fff

[   .00000] e820: [mem 0x00000-0xfefff] avaable or PCI devices
[    000000] Boong paravirtualized kernel on KVM
[    0.000000] clocksource: refined-jiffies: mask: 0xffffffff max_cycles: 0xfffff, max_le_ns 764551960211568ns
[    0.000000] random: get_rand_bytes cled from start_kernel+0x99/0x4fd with crng_init=0
[    0.000000] setup_percpu: NR_CPUS:8192 nr_cpumask_bits:2 nr_cpu_ids:2 nr_node_ids:1
[    0.000000] percpu: Embedded 45 pages/cpu s147456 r8192 d28672 u1048576
[    0.000000] PV qspinlock hash table entries: 256 (order: 0, 4096 bytes)
[    0.000000] Built 1 zonelists, mobility grouping on.  Total pages: 257913
[    0.000000] Poliy zone: DMA32
[    0.000000] Kernel command line: BOOT_IMAGE=/boot/vmlinu-4.15.0-72-generirot=UUID=ec65c921-96eb-4429-80be-a2d5fcaf8bc5 ro console=tty1 console=ttyS0
[    0.000000] Memory: 982868K/1048120K avlable (12300K kern code 2481Kwdata, 4264K rodata, 2428K init, 2388K bss, 65252K reserved, 0K cma-rerve)
[     0.000000] SLUB: HWalign=64, Order=0-3, MinObjects= CPUs=2, Nodes=1
[    0.000000] Kernel/User page tables isolation: enabled
[    0.000000] ftrace: allocating 39318 entries in 154 pages
[    0.004000] Hierarchical RCU implementation.
[    0.004000] 	RCU restricting CPUs from NR_CPUS=8192 to nr_cpu_ids=2.
[    0.004000] 	Tasks RCU enabled.
[    0.004000] RCU: Adjustin geomet for rcu_fanot_eaf=1, r_pu_ids=2
[    0.004000] NR_IRQS524544,nrirs: 440, preallocatd rq: 16[    0.004000] Consolecoour VGA+ 80x25
[   .04000] conle [tty1]nabled
[    0.004000] console [ttyS0] enabled
[    0.004000] ACPI: Core revision 20170831
[    0.004000] ACPI: 2 ACPI AML tables successfully acquired and loaded
[    0.004000] APIC: Switch to symmetric I/O mode setup
[    0.004000] x2apic enabled
[    0.004000] Swittched APIC routing to physical x2apic.
[    0.005055] ..TIMER: vector=0x30 apic1=0 pin1=2 apic2=-1 pin2=-1
[    0.008008] tsc: Detected 1608.000 MHz processor
[    0.009355] Calibrating delay loop (skipped) preset value.. 3216.00 BogoMIPS (lpj=6432000)
[    0.012011] pid_max: default: 32768 minimum: 301
[    0.016057] Security Framework initialized
[    0.020006] Yama: becoming mindful.
[    0.021186] AppArmor: AppArmor initialized
[    0.022669] Dentry cache hash table entries: 131072 (order: 8, 1048576 bytes)
[    0.024714] Inode-cache hash table entries: 65536 (order: 7, 524288 bytes)
[    0.028236] Mount-cache hash table entries: 2048 (order: 2, 16384 bytes)
[    0.032019] Mountpoint-cache hash table entries: 2048 (order: 2, 16384 bytes)
[    0.042056] Last level iTLB entries: 4KB 64, 2MB 8, 4MB 8
[    0.044033] Last level dTLB entries: 4KB 64, 2MB 0, 4MB 0, 1GB 4
[    0.048009] Spectre V1 : Mitigation: usercopy/swapgs barriers and __user pointer sanitization
[    0.052010] Spectre V2 : Mitigation: Full generic retpoline
[    0.053644] Spectre V2 : Spectre v2 / SpectreRSB mitigation: Filling RSB on context switch
[    0.056000] Speculative Store Bypass: Vulnerable
[    0.056051] MDS: Vulnerable: Clear CPU buffers attempted, no microcode
[    0.058123] Freeing SMP alternatives memory: 36K
[  0.172234] smpboot: CPU0: Intel(R) Core(TM) i5-8210Y CPU @ 1.60GHz (family: 0x6, model: 0x8e, stepping: 0x9)
[    0.176414] Performance Events: unsupported p6 CPU model 142 no PMU driver, software events only.
[    0.180069] Hierarchical SRCU implementation.
[    0.184637] NMI watchdog: Perf event create on CPU 0 failed with -2
[    0.188007] NMI watchdog: Perf NMI watchdog permanently disabled
[    0.192180] smp: Bringing up secondary CPUs ...
[    0.196100] x86: Booting SMP configuration:
[    0.200009] .... node  #0, CPUs:      #1
[    0.004000] kvm-clock: cpu 1, msr 0:3ff44041, secondary cpu clock
[    0.248027] smp: Brought up 1 node, 2 CPUs
[    0.252009] smpboot: Max logical packages: 1
[    0.254761] smpboot: Total of 2 processors activated (6432.00 BogoMIPS)
[    0.256157] devtmpfs: initialized
[    0.260073] x86/mm: Memory block size: 128MB
[    0.264128] evm: security.selinux
[    0.268009] evm: security.SMACK64
[    0.272006] evm: security.SMACK64EXEC
[    0.276005] evm: security.SMACK64TRANSMUTE
[    0.280006] evm: security.SMACK64MMAP
[    0.284003] evm: security.apparmor
[    0.288005] evm: security.ima
[    0.292003] evm: security.capability
[    0.300095] clocksource: jiffies: mask: 0xffffffff max_cycles: 0xffffffff, max_idle_ns: 7645041785100000 ns
[    0.304020] futex hash table entries: 512 (order: 3, 32768 bytes)
[    0.309714] pinctrl core: initialized pinctrl subsystem
[    0.312138] RTC time:  6:03:11, date: 01/06/20
[    0.316259] NET: Registered protocol family 16
[    0.320107] audit: initializing netlink subsys (disabled)
[    0.324063] audit: type=2000 audit(1578290589.564:1): state=initialized audit_enabled=0 res=1
[    0.404027] cpuidle: using governor ladder
[    0.408020] cpuidle: using governor menu
[    0.412063] ACPI: bus type PCI registered
[    0.416009] acpiphp: ACPI Hot Plug PCI Controller Driver version: 0.5
[    0.420241] PCI: Using configuration type 1 for base access
[    0.424159] HugeTLB registered 2.00 MiB page size, pre-allocated 0 pages
[    0.432153] ACPI: Added _OSI(Module Device)
[    0.433590] ACPI: Added _OSI(Processor Device)
[    0.436019] ACPI: Added _OSI(3.0 _SCP Extensions)
[    0.437717] ACPI: Added _OSI(Processor Aggregator Device)
[    0.440059] ACPI: Added _OSI(Linux-Dell-Video)
[    0.444080] ACPI: Added _OSI(Linux-Lenovo-NV-HDMI-Audio)
[    0.448008] ACPI: Added _OSI(Linux-HPI-Hybrid-Graphics)
[    0.453076] ACPI: Executed 1 blocks of module-level executable AML code
[    0.465674] ACPI: Interpreter enabled
[    0.467593] ACPI: (supports S0 S5)
[    0.468009] ACPI: Using IOAPIC for interrupt routing
[    0.472477] PCI: Using host bridge windows from ACPI; if necessary, use "pci=nocrs" and report a bug
[    0.476219] ACPI: Enabled 2 GPEs in block 00 to 07
[    0.488060] ACPI: PCI Root Bridge [PCI0] (domain 0000 [bus 00-ff])
[    0.492020] acpi PNP0A03:00: _OSC: OS supports [ASPM ClockPM Segments MSI]
[    0.496052] acpi PNP0A03:00: _OSC: not requesting OS control; OS requires [ExtendedConfig ASPM ClockPM MSI]
[    0.504034] acpi PNP0A03:00: fail to add MMCONFIG information, can't access extended PCI configuration space under this bridge.
[    0.512574] PCI host bridge to bus 0000:00
[    0.516008] pci_bus 0000:00: root bus resource [io  0x0000-0x0cf7 window]
[    0.520013] pci_bus 0000:00: root bus resource [io  0x0d00-0xffff window]
[    0.524015] pci_bus 0000:00: root bus resource [mem 0x000a0000-0x000bffff window]
[    0.528011] pci_bus 0000:00: root bus resource [mem 0x40000000-0xfdffffff window]
[    0.532011] pci_bus 0000:00: root bus resource [bus 00-ff]
[    0.541886] pci 0000:00:01.1: legacy IDE quirk: reg 0x10: [io  0x01f0-0x01f7]
[    0.544008] pci 0000:00:01.1: legacy IDE quirk: reg 0x14: [io  0x03f6]
[    0.548010] pci 0000:00:01.1: legacy IDE quirk: reg 0x18: [io  0x0170-0x0177]
[    0.552010] pci 0000:00:01.1: legacy IDE quirk: reg 0x1c: [io  0x0376]
[    0.576165] pci 0000:00:07.0: quirk: [io  0x4000-0x403f] claimed by PIIX4 ACPI
[    0.580028] pci 0000:00:07.0: quirk: [io  0x4100-0x410f] claimed by PIIX4 SMB
[    0.596367] ACPI: PCI Interrupt Link [LNKA] (IRQs 5 9 10 *11)
[    0.600314] ACPI: PCI Interrupt Link [LNKB] (IRQs 5 9 *10 11)
[    0.604161] ACPI: PCI Interrupt Link [LNKC] (IRQs 5 *9 10 11)
[    0.608167] ACPI: PCI Interrupt Link [LNKD] (IRQs 5 9 10 *11)
[    0.612591] SCSI subsystem initialized
[    0.616112] pci 0000:00:02.0: vgaarb: setting as boot VGA device
[    0.620000] pci 0000:00:02.0: vgaarb: VGA device added: decodes=io+mem,owns=io+mem,locks=none
[    0.620014] pci 0000:00:02.0: vgaarb: bridge control possible
[    0.624007] vgaarb: loaded
[    0.628055] ACPI: bus type USB registered
[    0.632040] usbcore: registered new interface driver usbfs
[    0.636038] usbcore: registered new interface driver hub
[    0.640060] usbcore: registered new device driver usb
[    0.644104] EDAC MC: Ver: 3.0.0
[    0.648358] PCI: Using ACPI for IRQ routing
[    0.652384] NetLabel: Initializing
[    0.656004] NetLabel:  domain hash size = 128
[    0.660008] NetLabel:  protocols = UNLABELED CIPSOv4 CALIPSO
[    0.664034] NetLabel:  unlabeled traffic allowed by default
[    0.665708] clocksource: Switched to clocksource kvm-clock
[    0.682793] VFS: Di quotas dquot_6.6.0
[    0.758185] VFS: Dquot-cache hash table entries: 512orr 0, 40 btes)[   .9817]ApAror AppArmor Filesyste Enabled
[    19253 pp:PnP ACPI init
[   13315] npPn ACPI: fnd3 vies
[    1.646] loksource: acpi_pm: mask: 0xffffff max_cycles: 0xffffff, max_idle_ns: 208570102ns

[    1.877281] NET: Registered protocol family 2
[    1.7965 TP established hash table entries: 8192 (order: 4, 65536 bytes)

[    1.979908] TCP bind hash table entries: 8192 (order: 5, 131072 bytes)
[    1.982745] TCP: as tbls onigred (etalihed 82 bind 8192)[   .3215]UD hshtaleentrs:51 (rdr:2,1684 bytes)
[    2.766344] UDP-Lite hash table entries:12orer 2, 16384 bytes)
[    2.908619] NET: Registered protocol family 1
[    2.910271] pci 0000:00:00.0: Limiting direct PCI/PCI transfers
[    2.913025] pci 0000:00:01.0: Activating ISA DMA hang workarounds
[    2.915039] pci 00000:02.0: Video device with shadowed ROM at [mem 0x000c0000-0x000dffff]
[   3.079300] Unpacking initramfs...
[    34755] rein iitd emry 1728K[   .7474]clckure: tsc: mask: 0xffffffffffffffma_cycles: 0x17aa3a18b, max_ide_ns: 44072190 n
   4.3875] lafom c_mo rgiteedpltform RTC device (no PNP device found)
[    769270] Scanning for low memory orupio eer 6seons

[    5.043421] Initialise system trusted keyrings
[    5.081426] Key type blacklist registered
[    5.130545] workingset: timestamp_bits=36 max_order=18 bucket_order=0
[    5.144595] zbud: loaded
[    5.146048] squashfs: version 4.0 (2009/01/31) Phillip Lougher
[    5.148148] fuse init (API version 7.26)
[    5.155587] Key type asymmetric registered
[    5.158191] Asymmetric key parser 'x509' registered
[    5.159865] Block layer SCSI generic (bsg) driver version 0.4 loaded (major 246)
[    5.162695] io scheduler noop registered
[    5.164087] io scheduler deadline registered
[    5.165523] io scheduler cfq registered (default)
[    5.167655] ACPI: AC Adapter [AC] (off-line)
[    5.170404] input: Power Button as /devices/LNXSYSTM:00/LNXPWRBN:00/input/input0
[    5.172882] ACPI: Power Button [PWRF]
[    5.174774] input: Sleep Button as /devices/LNXSYSTM:00/LNXSLPBN:00/input/input1
[    5.185889] ACPI: Sleep Button [SLPF]
[    5.190880] ACPI: Battery Slot [BAT0] (battery present)
[    5.204115] Serial: 8250/16550 driver, 32 ports, IRQ sharing enabled
[    5.242350] 00:02: ttyS0 at I/O 0x3f8 (irq = 4, base_baud = 115200) is a 16550A
[    5.257065] Linux agpgart interface v0.103
[    5.279638] loop: module loaded
[    5.339933] scsi host0: ata_piix
[    5.357245] scsi host1: ata_piix
[    5.358363] ata1: PATA max UDMA/33 cmd 0x1f0 ctl 0x3f6 bmdma 0xd000 irq 14
[    5.360724] ata2: PATA max UDMA/33 cmd 0x170 ctl 0x376 bmdma 0xd008 irq 15
[    5.448006] libphy: Fixed MDIO Bus: probed
[    5.493628] tun: Universal TUN/TAP device driver, 1.6
[    5.540476] PPP generic driver version 2.4.2
[    5.585960] ehci_hcd: USB 2.0 'Enhanced' Host Controller (EHCI) Driver
[    5.609298] ehci-pci: EHCI PCI platform driver
[    5.628904] ehci-platform: EHCI generic platform driver
[    5.648811] ohci_hcd: USB 1.1 'Open' Host Controller (OHCI) Driver
[    5.708353] ohci-pci: OHCI PCI platform driver
[    5.775117] ohci-platform: OHCI generic platform driver
[    5.814590] uhci_hcd: USB Universal Host Controller Interface driver
[    5.878701] i8042: PNP: PS/2 Controller [PNP0303:PS2K,PNP0f03:PS2M] at 0x60,0x64 irq 1,12
[    5.965830] serio: i8042 KBD port at 0x60,0x64 irq 1
[    6.036739] serio: i8042 AUX port at 0x60,0x64 irq 12
[    6.089047] mousedev: PS/2 mouse device common for all mice
[    6.170929] input: AT Translated Set 2 keyboard as /devices/platform/i8042/serio0/input/input2
[    6.176858] rtc_cmos rtc_cmos: rtc core: registered rtc_cmos as rtc0
[    6.206500] rtc_cmos rtc_cmos: alarms up to one day, 114 bytes nvram
[    6.208078] i2c /dev entries driver
[    6.254436] device-mapper: uevent: version 1.0.3
[    6.263277] device-mapper: ioctl: 4.37.0-ioctl (2017-09-20) initialised: dm-devel@redhat.com
[    6.271477] ledtrig-cpu: registered to indicate activity on CPUs
[    6.274126] NET: Registered protocol family 10
[    6.286572] Segment Routing with IPv6
[    6.288086] NET: Registered protocol family 17
[    6.289719] Key type dns_resolver registered
[    6.291314] mce: Using 0 MCE banks
[    6.292423] RAS: Correctable Errors collector initialized.
[    6.300619] sched_clock: Marking stable (6300582350, 0)->(14976951120, -8676368770)
[    6.309398] registered taskstats version 1
[    6.311655] Loading compiled-in X.509 certificates
[    6.320349] Loaded X.509 cert 'Build time autogenerated kernel key: f4f7241365689b0cbe3898188e65e316fd8f978d'
[    6.346660] zswap: loaded using pool lzo/zbud
[    6.358103] Key type big_key registered
[    6.375003] Key type trusted registered
[    6.383411] Key type encrypted registered
[    6.393161] AppArmor: AppArmor sha1 policy hashing enabled
[    6.410132] ima: No TPM chip found, activating TPM-bypass! (rc=-19)
[    6.419743] ima: Allocated hash algorithm: sha1
[    6.452798] evm: HMAC attrs: 0x1
[    6.465475]   Magic number: 4:565:63
[    6.492724] rtc_cmos rtc_cmos: setting system clock to 2020-01-06 06:03:18 UTC (1578290598)
[    6.549273] BIOS EDD facility v0.16 2004-Jun-25, 0 devices found
[    6.609206] EDD information not available.
[    6.650934] Freeing unused kernel image memory: 2428K
[    6.718589] Write protecting the kernel read-only data: 20480k
[    8.087861] Freeing unused kernel image memory: 2008K
[    8.090502] Freeing unused kernel image memory: 1880K
[    8.255780] x86/mm: Checked W+X mappings: passed, no W+X pages found.
[    9.037711] x86/mm: Checking user space page tables
[    9.045997] x86/mm: Checked W+X mappings: passed, no W+X pages found.
Loading, please wait...
starting version 237
[   10.232938] e1000: Intel(R) PRO/1000 Network Driver - version 7.3.21-k8-NAPI
[   10.263799] e1000: Copyright (c) 1999-2006 Intel Corporation.
[   10.274578] Fusion MPT base driver 3.04.20
[   10.283982] Copyright (c) 1999-2008 LSI Corporation
[   10.290741] input: ImExPS/2 Generic Explorer Mouse as /devices/platform/i8042/serio1/input/input4
[   10.299225] AVX2 version of gcm_enc/dec engaged.
[   10.332337] AES CTR mode by8 optimization enabled
[   10.351716] Fusion MPT SPI Host driver 3.04.20
[   11.192438] e1000 0000:00:03.0 eth0: (PCI:33MHz:32-bit) 02:82:7a:7b:51:94
[   11.683405] e1000 0000:00:03.0 eth0: Intel(R) PRO/1000 Network Connection
[   13.192434] e1000 0000:00:08.0 eth1: (PCI:33MHz:32-bit) 08:00:27:cf:2f:b9
[   13.244279] e1000 0000:00:08.0 eth1: Intel(R) PRO/1000 Network Connection
[   13.296992] e1000 0000:00:03.0 enp0s3: renamed from eth0
[   13.325894] mptbase: ioc0: Initiating bringup
[   13.354105] e1000 0000:00:08.0 enp0s8: renamed from eth1
[   13.448510] ioc0: LSI53C1030 A0: Capabilities={Initiator}
[   13.736278] scsi host2: ioc0: LSI53C1030 A0, FwRev=00000000h, Ports=1, MaxQ=256, IRQ=20
[   13.912815] scsi 2:0:0:0: Direct-Access     VBOX     HARDDISK         1.0  PQ: 0 ANSI: 5
[   13.992060] scsi target2:0:0: Beginning Domain Validation
[   14.097617] scsi target2:0:0: Domain Validation skipping write tests
[   14.112388] scsi target2:0:0: Ending Domain Validation
[   14.114223] scsi target2:0:0: asynchronous
[   14.117376] scsi 2:0:1:0: Direct-Access     VBOX     HARDDISK         1.0  PQ: 0 ANSI: 5
[   14.160317] scsi target2:0:1: Beginning Domain Validation
[   14.164716] random: fast init done
[   14.168809] scsi target2:0:1: Domain Validation skipping write tests
[   14.171509] scsi target2:0:1: Ending Domain Validation
[   14.182082] scsi target2:0:1: asynchronous
[   14.194706] random: systemd-udevd: uninitialized urandom read (16 bytes read)
[   14.198798] random: systemd-udevd: uninitialized urandom read (16 bytes read)
[   14.208345] sd 2:0:0:0: Attached scsi generic sg0 type 0
[   14.211408] sd 2:0:0:0: [sda] 20971520 512-byte logical blocks: (10.7 GB/10.0 GiB)
[   14.236266] random: systemd-udevd: uninitialized urandom read (16 bytes read)
[   14.236458] sd 2:0:1:0: Attached scsi generic sg1 type 0
[   14.238432] sd 2:0:0:0: [sda] Write Protect is off
[   14.294785] sd 2:0:0:0: [sda] Incomplete mode parameter data
[   14.294879] sd 2:0:1:0: [sdb] 20480 512-byte logical blocks: (10.5 MB/10.0 MiB)
[   14.296495] sd 2:0:0:0: [sda] Assuming drive cache: write through
[   14.331418] sd 2:0:1:0: [sdb] Write Protect is off
[   14.334573] sd 2:0:1:0: [sdb] Incomplete mode parameter data
[   14.336188]  sda: sda1
[   14.342439] sd 2:0:1:0: [sdb] Assuming drive cache: write through
[   14.371082] sd 2:0:0:0: [sda] Attached SCSI disk
[   14.401664] sd 2:0:1:0: [sdb] Attached SCSI disk
Begin: Loading essential drivers ... [   15.880157] raid6: sse2x1   gen() 11182 MB/s
[   15.932550] raid6: sse2x1   xor()  8532 MB/s
[   16.028242] raid6: sse2x2   gen() 14659 MB/s
[   16.088290] raid6: sse2x2   xor()  8471 MB/s
[   16.156227] raid6: sse2x4   gen() 15615 MB/s
[   16.216254] raid6: sse2x4   xor()  9856 MB/s
[   16.268339] raid6: avx2x1   gen() 22917 MB/s
[   16.320410] raid6: avx2x1   xor() 16182 MB/s
[   16.384242] raid6: avx2x2   gen() 22933 MB/s
[   16.432247] raid6: avx2x2   xor()  4970 MB/s
[   16.484284] raid6: avx2x4   gen() 12308 MB/s
[   16.540018] raid6: avx2x4   xor() 18552 MB/s
[   16.546840] raid6: using algorithm avx2x2 gen() 22933 MB/s
[   16.578906] raid6: .... xor() 4970 MB/s, rmw enabled
[   16.585839] raid6: using avx2x2 recovery algorithm
[   16.614260] xor: automatically using best checksumming function   avx       
[   16.639637] async_tx: api initialized (async)
done.
Begin: Running /scripts/init-premount ... done.
Begin: Mounting[   16.690744] Btrfs loaded, crc32c=crc32c-intel
 root file system ... Begin: Running /scripts/local-top ... done.
Begin: Running /scripts/local-premount ... Scanning for Btrfs filesystems
done.
Warning: fsck no[   16.755643] EXT4-fs (sda1): INFO: recovery required on readonly filesystem
t present, so skipping root file[   16.845028] EXT4-fs (sda1): write access will be enabled during recovery
 system
[   16.984119] EXT4-fs (sda1): orphan cleanup on readonly fs
[   16.998669] EXT4-fs (sda1): 1 orphan inode deleted
[   17.005837] EXT4-fs (sda1): recovery complete
[   17.008277] EXT4-fs (sda1): mounted filesystem with ordered data mode. Opts: (null)
done.
Begin: Running /scripts/local-bottom ... done.
Begin: Running /scripts/init-bottom ... done.
[   17.254428] ip_tables: (C) 2000-2006 Netfilter Core Team
[   17.266337] systemd[1]: systemd 237 running in system mode. (+PAM +AUDIT +SELINUX +IMA +APPARMOR +SMACK +SYSVINIT +UTMP +LIBCRYPTSETUP +GCRYPT +GNUTLS +ACL +XZ +LZ4 +SECCOMP +BLKID +ELFUTILS +KMOD -IDN2 +IDN -PCRE2 default-hierarchy=hybrid)
[   17.270982] systemd[1]: Detected virtualization oracle.
[   17.272112] systemd[1]: Detected architecture x86-64.

Welcome to [1mUbuntu 18.04.3 LTS[0m!

[   17.310700] systemd[1]: Set hostname to <ubuntu-bionic>.
[   18.198492] systemd[1]: Started Forward Password Requests to Wall Directory Watch.
[[0;32m  OK  [0m] Started Forward Password Requests to Wall Directory Watch.
[   18.202070] systemd[1]: Reached target System Time Synchronized.
[[0;32m  OK  [0m] Reached target System Time Synchronized.
[   18.214992] systemd[1]: Reached target Swap.
[[0;32m  OK  [0m] Reached target Swap.
[   18.247710] systemd[1]: Created slice System Slice.
[[0;32m  OK  [0m] Created slice System Slice.
[   18.261533] systemd[1]: Listening on udev Kernel Socket.
[[0;32m  OK  [0m] Listening on udev Kernel Socket.
[   18.267038] systemd[1]: Listening on Journal Socket (/dev/log).
[[0;32m  OK  [0m] Listening on Journal Socket (/dev/log).
[[0;32m  OK  [0m] Listening on Syslog Socket.
[[0;32m  OK  [0m] Listening on /dev/initctl Compatibility Named Pipe.
[[0;32m  OK  [0m] Listening on LVM2 metadata daemon socket.
[[0;32m  OK  [0m] Listening on Journal Audit Socket.
[[0;32m  OK  [0m] Listening on Journal Socket.
         Starting Journal Service...
         Starting Create list of required stâ€¦ce nodes for the current kernel...
         Mounting POSIX Message Queue File System...
         Mounting Kernel Debug File System...
         Starting Load Kernel Modules...
         Mounting Huge Pages File System...
[[0;32m  OK  [0[   18.398921] Loading iSCSI transport class v2.0-870.
m] Listening on LVM2 poll daemon[   18.413066] iscsi: registered transport (tcp)
 socket.
[[0;32m  OK  [0m] Listening on Network Service Netlink Socket.
         Starting Uncomplicated firewall...
[[0;32m  OK  [0m] Created slice system-serial\x2dgetty.slice.
[[0;32m  OK  [0m] Reached target U[   18.452407] iscsi: registered transport (iser)
ser and Group Name Lookups.
[[0;32m  OK  [0m] Listening on Device-mapper event daemon FIFOs.
         [   18.564689] random: crng init done
Starting Monitor[   18.609457] random: 7 urandom warning(s) missed due to ratelimiting
ing of LVM2 mirrorsâ€¦ng dmeventd or progress polling...
[[0;32m  OK  [0m] Listening on udev Control Socket.
         Starting udev Coldplug all Devices...
         Starting Set the console keyboard layout...
         Starting Remount Root and Kernel File Systems...
[[0;32m  OK  [0m] Created slice User and Session Slice.
[[0;32m  OK  [0m] Reached target Slices.
[[0;32m  OK  [0m] Set up automount Arbitrary Executabâ€¦rmats File System Automount Point.
[[0;32m  OK  [0m] Started Journal Service.[   18.718992] EXT4-fs (sda1): re-mounted. Opts: (null)

[[0;32m  OK  [0m] Started Create list of required staâ€¦vice nodes for the current kernel.
[[0;32m  OK  [0m] Mounted POSIX Message Queue File System.
[[0;32m  OK  [0m] Mounted Kernel Debug File System.
[[0;32m  OK  [0m] Started Load Kernel Modules.
[[0;32m  OK  [0m] Mounted Huge Pages File System.
[[0;32m  OK  [0m] Started Uncomplicated firewall.
[[0;32m  OK  [0m] Started Remount Root and Kernel File Systems.
[[0;32m  OK  [0m] Started Set the console keyboard layout.
[[0;32m  OK  [0m] Started udev Coldplug all Devices.
[[0;32m  OK  [0m] Started LVM2 metadata daemon.
         Starting Load/Save Random Seed...
         Mounting FUSE Control File System...
         Mounting Kernel Configuration File System...
         Starting Apply Kernel Variables...
         Starting Create Static Device Nodes in /dev...
         Starting Flush Journal to Persistent Storage...
[[0;32m  OK  [0m] Started Monitoring of LVM2 mirrors,â€¦sing dmeventd or progress polling.
[[0;32m  OK  [0m] Started Load/Save Random Seed.
[[0;32m  OK  [0m] Mounted FUSE Control File System.
[[0;32m  OK  [0m] Mounted Kernel Configuration File System.
[[0;32m  OK  [0m] Started Apply Kernel Variables.
[[0;32m  OK  [0m] Started Create Static Device Nodes in /dev.
         Starting udev Kernel Device Manager...
[[0;32m  OK  [0m] Reached target Local File Systems (Pre).
[[0;32m  OK  [0m] Reached target Local File Systems.
         Starting Set console font and keymap...
         Starting ebtables ruleset management...
         Starting Tell Plymouth To Write Out Runtime Data...
         Starting AppArmor initialization...
[[0;32m  OK  [0m] Started udev Kernel Device Manager.
[[0;32m  OK  [0m] Started Set console font and keymap.
[[0;32m  OK  [0m] Started Dispatch Password Requests to Console Directory Watch.
[[0;32m  OK  [0m] Reached target Local Encrypted Volumes.
[[0;32m  OK  [0m] Started Tell Plymouth To Write Out Runtime Data.
[[0;32m  OK  [0m] Started ebtables ruleset management.
[[0;32m  OK  [0m] Started Flush Journal to Persistent Storage.
         Starting Create Volatile Files and Directories...
[[0;32m  OK  [0m] Started Create Volatile Files and Directories.
         Starting Update UTMP about System Boot/Shutdown...
[[0;32m  OK  [0m] Started Update UTMP about System Boot/Shutdown.
[[0;32m  OK  [0m] Found device /dev/ttyS0.
[[0;32m  OK  [0m] Started AppArmor initialization.
         Starting Initial cloud-init job (pre-networking)...
[[0;32m  OK  [0m] Listening on Load/Save RF Kill Switch Status /dev/rfkill Watch.
[   21.768841] cloud-init[521]: Cloud-init v. 19.2-36-g059d049c-0ubuntu1~18.04.1 running 'init-local' at Mon, 06 Jan 2020 06:03:33 +0000. Up 21.49 seconds.
[[0;32m  OK  [0m] Started Initial cloud-init job (pre-networking).
[[0;32m  OK  [0m] Reached target Network (Pre).
         Starting Network Service...
[[0;32m  OK  [0m] Started Network Service.
         Starting Wait for Network to be Configured...
         Starting Network Name Resolution...
[[0;32m  OK  [0m] Started Network Name Resolution.
[[0;32m  OK  [0m] Reached target Host and Network Name Lookups.
[[0;32m  OK  [0m] Reached target Network.
[[0;32m  OK  [0m] Started Wait for Network to be Configured.
         Starting Initial cloud-init job (metadata service crawler)...
[   24.693776] cloud-init[722]: Cloud-init v. 19.2-36-g059d049c-0ubuntu1~18.04.1 running 'init' at Mon, 06 Jan 2020 06:03:36 +0000. Up 24.52 seconds.
[   24.726597] cloud-init[722]: ci-info: ++++++++++++++++++++++++++++++++++++++Net device info+++++++++++++++++++++++++++++++++++++++
[   24.751627] cloud-init[722]: ci-info: +--------+------+-----------------------------+---------------+--------+-------------------+
[   24.800192] cloud-init[722]: ci-info: | Device |  Up  |           Address           |      Mask     | Scope  |     Hw-Address    |
[   24.852849] cloud-init[722]: ci-info: +--------+------+-----------------------------+---------------+--------+-------------------+
[[0;32m  OK  [0m] Started Initial cloud-init job (metadata service crawler).
[[0;32m  OK  [0m] Reached target Network is Online.
[   24.971241] cloud-init[722]: ci-info: | enp0s3 | True |          10.0.2.15          | 255.255.255.0 | global | 02:82:7a:7b:51:94 |
         Starting Availability of block devices...
[[0;32m  OK  [0m] Reached target Remote File Systems (Pre).
[[0;32m  OK  [0m] Reached target Remote File Systems.
[[0;32m  OK  [0m] Reached target System Initialization.[   25.091249] cloud-init[722]: ci-info: | enp0s3 | True |  fe80::82:7aff:fe7b:5194/64 |       .       |  link  | 02:82:7a:7b:51:94 |
[   25.132820] cloud-init[722]: ci-info: | enp0s8 | True |        192.168.33.10        | 255.255.255.0 | global | 08:00:27:cf:2f:b9 |
[   25.132880] cloud-init[722]: ci-info: | enp0s8 | True | fe80::a00:27ff:fecf:2fb9/64 |       .       |  link  | 08:00:27:cf:2f:b9 |
[   25.132957] cloud-init[722]: ci-info: |   lo   | True |          127.0.0.1          |   255.0.0.0   |  host  |         .         |
[   25.133012] cloud-init[722]: ci-info: |   lo   | True |           ::1/128           |       .       |  host  |         .         |
[   25.133065] cloud-init[722]: ci-info: +--------+------+-----------------------------+---------------+--------+-------------------+
[   25.133111] cloud-init[722]: ci-info: +++++++++++++++++++++++++++++Route IPv4 info+++++++++++++++++++++++++++++
[   25.133304] cloud-init[722]: ci-info: +-------+--------------+----------+-----------------+-----------+-------+
[   25.133411] cloud-init[722]: ci-info: | Route | Destination  | Gateway  |     Genmask     | Interface | Flags |
[   25.133451] cloud-init[722]: ci-info: +-------+--------------+----------+-----------------+-----------+-------+
[   25.133481] cloud-init[722]: ci-info: |   0   |   0.0.0.0    | 10.0.2.2 |     0.0.0.0     |   enp0s3  |   UG  |
[   25.133512] cloud-init[722]: ci-info: |   1   |   10.0.2.0   | 0.0.0.0  |  255.255.255.0  |   enp0s3  |   U   |
[   25.133550] cloud-init[722]: ci-info: |   2   |   10.0.2.2   | 0.0.0.0  | 255.255.255.255 |   enp0s3  |   UH  |
[   25.133585] cloud-init[722]: ci-info: |   3   | 192.168.33.0 | 0.0.0.0  |  255.255.255.0  |   enp0s8  |   U   |
[   25.133745] cloud-init[722]: ci-info: +-------+--------------+----------+-----------------+-----------+-------+
[   25.134225] cloud-init[722]: ci-info: +++++++++++++++++++Route IPv6 info+++++++++++++++++++
[   25.134288] cloud-init[722]: ci-info: +-------+-------------+---------+-----------+-------+
[   25.134386] cloud-init[722]: ci-info: | Route | Destination | Gateway | Interface | Flags |
[   25.134435] cloud-init[722]: ci-info: +-------+-------------+---------+-----------+-------+
[   25.134480] cloud-init[722]: ci-info: |   1   |  fe80::/64  |    ::   |   enp0s3  |   U   |
[   25.134678] cloud-init[722]: ci-info: |   2   |  fe80::/64  |    ::   |   enp0s8  |   U   |
[   25.134769] cloud-init[722]: ci-info: |   4   |    local    |    ::   |   enp0s3  |   U   |
[   25.134855] cloud-init[722]: ci-info: |   5   |    local    |    ::   |   enp0s8  |   U   |
[   25.134921] cloud-init[722]: ci-info: |   6   |   ff00::/8  |    ::   |   enp0s3  |   U   |
[   25.134979] cloud-init[722]: ci-info: |   7   |   ff00::/8  |    ::   |   enp0s8  |   U   |
[   25.135032] cloud-init[722]: ci-info: +-------+-------------+---------+-----------+-------+

[[0;32m  OK  [0m] Started Discard unused blocks once a week.
[[0;32m  OK  [0m] Listening on ACPID Listen Socket.
[[0;32m  OK  [0m] Listening on D-Bus System Message Bus Socket.
[[0;32m  OK  [0m] Started ACPI Events Check.
[[0;32m  OK  [0m] Started Message of the Day.
         Starting LXD - unix socket.
[[0;32m  OK  [0m] Listening on UUID daemon activation socket.
         Starting Socket activation for snappy daemon.
[[0;32m  OK  [0m] Started Daily apt download activities.
[[0;32m  OK  [0m] Started Daily apt upgrade and clean activities.
[[0;32m  OK  [0m] Reached target Paths.
[[0;32m  OK  [0m] Listening on Open-iSCSI iscsid Socket.
[[0;32m  OK  [0m] Started Daily Cleanup of Temporary Directories.
[[0;32m  OK  [0m] Reached target Timers.
[[0;32m  OK  [0m] Reached target Cloud-config availability.
[[0;32m  OK  [0m] Started Availability of block devices.
[[0;32m  OK  [0m] Listening on LXD - unix socket.
[[0;32m  OK  [0m] Listening on Socket activation for snappy daemon.
[[0;32m  OK  [0m] Reached target Sockets.
[[0;32m  OK  [0m] Reached target Basic System.
         Starting LSB: Record successful boot for GRUB...
[[0;32m  OK  [0m] Started Regular background program processing daemon.
         Starting Accounts Service...
[[0;32m  OK  [0m] Started FUSE filesystem for LXC.
         Starting Permit User Sessions...
[[0;32m  OK  [0m] Started D-Bus System Message Bus.
         Starting Snappy daemon...
         Starting Login Service...
         Starting Discard unused blocks...
         Starting System Logging Service...
[[0;32m  OK  [0m] Started irqbalance daemon.
         Starting OpenBSD Secure Shell server...
[[0;32m  OK  [0m] Started Deferred execution scheduler.
         Starting Message of the Day...
         Starting Dispatcher daemon for systemd-networkd...
         Starting vboxadd.service...
         Starting LSB: automatic crash report generation...
         Starting LXD - container startup/shutdown...
[[0;32m  OK  [0m] Started System Logging Service.
[[0;32m  OK  [0m] Started Permit User Sessions.
[[0;32m  OK  [0m] Started Discard unused blocks.
[[0;32m  OK  [0m] Started OpenBSD Secure Shell server.
[[0;32m  OK  [0m] Started Login Service.
[[0;32m  OK  [0m] Started Unattended Upgrades Shutdown.
         Starting Authorization Manager...
         Starting Terminate Plymouth Boot Screen...
         Starting Hold until boot process finishes up...
[[0;32m  OK  [0m] Started Hold until boot process finishes up.
[[0;32m  OK  [0m] Started Terminate Plymouth Boot Screen.
         Starting Set console scheme...
[[0;32m  OK  [0m] Started Serial Getty on ttyS0.
[[0;32m  OK  [0m] Started Set console scheme.
[[0;32m  OK  [0m] Created slice system-getty.slice.
[[0;32m  OK  [0m] Started Getty on tty1.
[[0;32m  OK  [0m] Reached target Login Prompts.
[[0;32m  OK  [0m] Started Snappy daemon.
         Starting Wait until snapd is fully seeded...
[[0;32m  OK  [0m] Started LSB: automatic crash report generation.
[[0;32m  OK  [0m] Started LSB: Record successful boot for GRUB.
[[0;32m  OK  [0m] Created slice User Slice of vagrant.
[[0;32m  OK  [0m] Started LXD - container startup/shutdown.
[[0;32m  OK  [0m] Started Wait until snapd is fully seeded.
[[0;32m  OK  [0m] Started Authorization Manager.
[[0;32m  OK  [0m] Started Accounts Service.
[[0;32m  OK  [0m] Started Session 1 of user vagrant.
         Starting Apply the settings specified in cloud-config...
         Starting User Manager for UID 1000...
[[0;32m  OK  [0m] Started User Manager for UID 1000.
[[0;32m  OK  [0m] Started Dispatcher daemon for systemd-networkd.
[[0;32m  OK  [0m] Started vboxadd.service.
         Starting vboxadd-service.service...
[[0;32m  OK  [0m] Started vboxadd-service.service.
[[0;32m  OK  [0m] Reached target Multi-User System.
[[0;32m  OK  [0m] Reached target Graphical Interface.
         Starting Update UTMP about System Runlevel Changes...
[[0;32m  OK  [0m] Started Update UTMP about System Runlevel Changes.
[   28.044151] cloud-init[1082]: Cloud-init v. 19.2-36-g059d049c-0ubuntu1~18.04.1 running 'modules:config' at Mon, 06 Jan 2020 06:03:39 +0000. Up 27.75 seconds.
[[0;32m  OK  [0m] Started Apply the settings specified in cloud-config.
         Starting Execute cloud user/final scripts...
[[0;32m  OK  [0m] Started Message of the Day.
[   28.833653] cloud-init[1258]: Cloud-init v. 19.2-36-g059d049c-0ubuntu1~18.04.1 running 'modules:final' at Mon, 06 Jan 2020 06:03:40 +0000. Up 28.67 seconds.
[   28.866498] cloud-init[1258]: Cloud-init v. 19.2-36-g059d049c-0ubuntu1~18.04.1 finished at Mon, 06 Jan 2020 06:03:40 +0000. Datasource DataSourceNoCloud [seed=/dev/sdb][dsmode=net].  Up 28.82 seconds
[[0;32m  OK  [0m] Started Execute cloud user/final scripts.
[[0;32m  OK  [0m] Reached target Cloud-init target.

Ubuntu 18.04.3 LTS ubuntu-bionic ttyS0

ubuntu-bionic login: [54195.797063] Out of memory: Kill process 4796 (ruby) score 717 or sacrifice child
[54195.886696] Killed process 4796 (ruby) total-vm:1842504kB, anon-rss:722252kB, file-rss:0kB, shmem-rss:0kB
